exports[`CommentWrapper snapshot renders 1`] = `
<div
  className="sc-AxjAm iFRHBp" />
`;
